uv : 23:53:11 | INFO | Scenariu: perpendicular  cooperation=True
At line:1 char:112
+ ... TH = "C:\Facultate\ANUL2\V2X_Intersection_Safety"; uv run python -c "
+                                                        ~~~~~~~~~~~~~~~~~~
    + CategoryInfo          : NotSpecified: (23:53:11 | INFO...ooperation=True:String) [], RemoteException
    + FullyQualifiedErrorId : NativeCommandError
 
23:53:11 | INFO | Scenariu: perpendicular  cooperation=True
23:53:11 | INFO | SEMAFOR: faza ? -> A_green | verde: ['N', 'S']
23:53:11 | INFO | SEMAFOR: faza A_green -> A_yellow | verde: []
23:53:11 | INFO | SEMAFOR: faza A_yellow -> B_green | verde: ['E', 'V']
Buffer has 0 entries
